// Jest Snapshot v1, https://goo.gl/fbAQLP

exports[`Pruebas al componente <ListItemGifs /> snapshot <ListItemGif /> 1`] = `
<div>
  <div
    class="card"
  >
    <p>
      google
    </p>
    <img
      alt="google"
      src="https://google.com/"
    />
  </div>
</div>
`;
